// Jest Snapshot v1, https://goo.gl/fbAQLP

exports[`Test en <PrimeraApp /> Debe de mostrar <PrimeraApp /> correctamente 1`] = `
<Fragment>
  <h1>
    Hola Superman
  </h1>
  <p>
    Soy un subt√≠tulo
  </p>
</Fragment>
`;
